Job ID: 770833
Array task: 3
Published case: 4
Node: xgpf0
Python: /home/w/weisong/venvs/torch-benchmark/bin/python
CUDA_VISIBLE_DEVICES: 0
name, uuid, driver_version, memory.total [MiB]
Tesla T4, GPU-671ab890-52f2-6071-222c-71c93ee7b7f8, 580.173.02, 15360 MiB
Configuration:
  batch=16
  d_model=128
  heads=4
  seq_len=128
  layers=4
  ffn_dim=128
=== Configuration ===
TransformerConfig(batch_size=16, seq_len=128, d_model=128, num_heads=4, ffn_dim=128, num_layers=4, causal=True)
device=cuda, dtype=torch.float16, torch=2.13.0+cu130
gpu=Tesla T4

=== Accuracy check ===
criterion: abs_error <= 0.002 OR relative_error <= 2.00%
trial 01/5: PASS | max_abs=0 | max_rel=0 | failed=0/262144
trial 02/5: PASS | max_abs=0 | max_rel=0 | failed=0/262144
trial 03/5: PASS | max_abs=0 | max_rel=0 | failed=0/262144
trial 04/5: PASS | max_abs=0 | max_rel=0 | failed=0/262144
trial 05/5: PASS | max_abs=0 | max_rel=0 | failed=0/262144
summary: PASS | max_abs=0 | max_rel=0 | failed=0/1310720

=== Performance benchmark ===
timing excludes random-data generation and uses a fixed input
CUDA latency is measured with torch.cuda.Event on the current stream
baseline : median=3.8967 ms | mean=3.9137 ms | p90=3.9286 ms | min=3.8732 ms | throughput=525574.54 token/s
optimized: median=2.8063 ms | mean=2.8114 ms | p90=2.8223 ms | min=2.7791 ms | throughput=729798.01 token/s
speedup  : 1.389x based on median latency
