Job ID: 770835
Array task: 5
Published case: 6
Node: xgpf0
Python: /home/w/weisong/venvs/torch-benchmark/bin/python
CUDA_VISIBLE_DEVICES: 0
name, uuid, driver_version, memory.total [MiB]
Tesla T4, GPU-671ab890-52f2-6071-222c-71c93ee7b7f8, 580.173.02, 15360 MiB
Configuration:
  batch=10000
  d_model=128
  heads=4
  seq_len=128
  layers=4
  ffn_dim=128
=== Configuration ===
TransformerConfig(batch_size=10000, seq_len=128, d_model=128, num_heads=4, ffn_dim=128, num_layers=4, causal=True)
device=cuda, dtype=torch.float16, torch=2.13.0+cu130
gpu=Tesla T4

=== Accuracy check ===
criterion: abs_error <= 0.002 OR relative_error <= 2.00%
trial 01/5: PASS | max_abs=0 | max_rel=0 | failed=0/163840000
trial 02/5: PASS | max_abs=0 | max_rel=0 | failed=0/163840000
trial 03/5: PASS | max_abs=0 | max_rel=0 | failed=0/163840000
trial 04/5: PASS | max_abs=0 | max_rel=0 | failed=0/163840000
trial 05/5: PASS | max_abs=0 | max_rel=0 | failed=0/163840000
summary: PASS | max_abs=0 | max_rel=0 | failed=0/819200000

=== Performance benchmark ===
timing excludes random-data generation and uses a fixed input
CUDA latency is measured with torch.cuda.Event on the current stream
baseline : median=896.2433 ms | mean=892.3659 ms | p90=897.2840 ms | min=875.2661 ms | throughput=1428183.64 token/s
optimized: median=733.0970 ms | mean=732.7896 ms | p90=735.8126 ms | min=727.9391 ms | throughput=1746017.28 token/s
speedup  : 1.223x based on median latency
