Job ID: 771271
Array task: 9
Published case: 10
Node: xgpf1
Python: /home/w/weisong/venvs/torch-benchmark/bin/python
CUDA_VISIBLE_DEVICES: 0
name, uuid, driver_version, memory.total [MiB]
Tesla T4, GPU-840b6d73-ee5d-e1c5-be65-397b3ced2e31, 580.173.02, 15360 MiB
Configuration:
  batch=64
  d_model=128
  heads=2
  seq_len=128
  layers=4
  ffn_dim=128
=== Configuration ===
TransformerConfig(batch_size=64, seq_len=128, d_model=128, num_heads=2, ffn_dim=128, num_layers=4, causal=True)
device=cuda, dtype=torch.float16, torch=2.13.0+cu130
gpu=Tesla T4

=== Accuracy check ===
criterion: abs_error <= 0.002 OR relative_error <= 2.00%
trial 01/5: PASS | max_abs=0 | max_rel=0 | failed=0/1048576
trial 02/5: PASS | max_abs=0 | max_rel=0 | failed=0/1048576
trial 03/5: PASS | max_abs=0 | max_rel=0 | failed=0/1048576
trial 04/5: PASS | max_abs=0 | max_rel=0 | failed=0/1048576
trial 05/5: PASS | max_abs=0 | max_rel=0 | failed=0/1048576
summary: PASS | max_abs=0 | max_rel=0 | failed=0/5242880

=== Performance benchmark ===
timing excludes random-data generation and uses a fixed input
CUDA latency is measured with torch.cuda.Event on the current stream
baseline : median=3.8974 ms | mean=3.9484 ms | p90=3.9224 ms | min=3.8676 ms | throughput=2101927.01 token/s
optimized: median=3.3504 ms | mean=3.3506 ms | p90=3.3758 ms | min=3.2925 ms | throughput=2445069.55 token/s
speedup  : 1.163x based on median latency
