Job ID: 771264
Array task: 2
Published case: 3
Node: xgpf1
Python: /home/w/weisong/venvs/torch-benchmark/bin/python
CUDA_VISIBLE_DEVICES: 0
name, uuid, driver_version, memory.total [MiB]
Tesla T4, GPU-840b6d73-ee5d-e1c5-be65-397b3ced2e31, 580.173.02, 15360 MiB
Configuration:
  batch=4
  d_model=128
  heads=4
  seq_len=128
  layers=4
  ffn_dim=128
=== Configuration ===
TransformerConfig(batch_size=4, seq_len=128, d_model=128, num_heads=4, ffn_dim=128, num_layers=4, causal=True)
device=cuda, dtype=torch.float16, torch=2.13.0+cu130
gpu=Tesla T4

=== Accuracy check ===
criterion: abs_error <= 0.002 OR relative_error <= 2.00%
trial 01/5: PASS | max_abs=0 | max_rel=0 | failed=0/65536
trial 02/5: PASS | max_abs=0 | max_rel=0 | failed=0/65536
trial 03/5: PASS | max_abs=0 | max_rel=0 | failed=0/65536
trial 04/5: PASS | max_abs=0 | max_rel=0 | failed=0/65536
trial 05/5: PASS | max_abs=0 | max_rel=0 | failed=0/65536
summary: PASS | max_abs=0 | max_rel=0 | failed=0/327680

=== Performance benchmark ===
timing excludes random-data generation and uses a fixed input
CUDA latency is measured with torch.cuda.Event on the current stream
baseline : median=4.0026 ms | mean=4.0040 ms | p90=4.0503 ms | min=3.8700 ms | throughput=127917.62 token/s
optimized: median=2.6644 ms | mean=2.6471 ms | p90=2.6769 ms | min=2.5762 ms | throughput=192163.34 token/s
speedup  : 1.502x based on median latency
