Job ID: 770837
Array task: 7
Published case: 8
Node: xgpf1
Python: /home/w/weisong/venvs/torch-benchmark/bin/python
CUDA_VISIBLE_DEVICES: 0
name, uuid, driver_version, memory.total [MiB]
Tesla T4, GPU-840b6d73-ee5d-e1c5-be65-397b3ced2e31, 580.173.02, 15360 MiB
Configuration:
  batch=64
  d_model=1024
  heads=4
  seq_len=128
  layers=4
  ffn_dim=1024
=== Configuration ===
TransformerConfig(batch_size=64, seq_len=128, d_model=1024, num_heads=4, ffn_dim=1024, num_layers=4, causal=True)
device=cuda, dtype=torch.float16, torch=2.13.0+cu130
gpu=Tesla T4

=== Accuracy check ===
criterion: abs_error <= 0.002 OR relative_error <= 2.00%
trial 01/5: PASS | max_abs=0 | max_rel=0 | failed=0/8388608
trial 02/5: PASS | max_abs=0 | max_rel=0 | failed=0/8388608
trial 03/5: PASS | max_abs=0 | max_rel=0 | failed=0/8388608
trial 04/5: PASS | max_abs=0 | max_rel=0 | failed=0/8388608
trial 05/5: PASS | max_abs=0 | max_rel=0 | failed=0/8388608
summary: PASS | max_abs=0 | max_rel=0 | failed=0/41943040

=== Performance benchmark ===
timing excludes random-data generation and uses a fixed input
CUDA latency is measured with torch.cuda.Event on the current stream
baseline : median=30.0084 ms | mean=30.0014 ms | p90=30.4662 ms | min=29.2120 ms | throughput=272990.08 token/s
optimized: median=27.3926 ms | mean=27.3947 ms | p90=27.9370 ms | min=25.6454 ms | throughput=299058.61 token/s
speedup  : 1.095x based on median latency
