Job ID: 770840
Array task: 10
Published case: 11
Node: xgpf1
Python: /home/w/weisong/venvs/torch-benchmark/bin/python
CUDA_VISIBLE_DEVICES: 0
name, uuid, driver_version, memory.total [MiB]
Tesla T4, GPU-840b6d73-ee5d-e1c5-be65-397b3ced2e31, 580.173.02, 15360 MiB
Configuration:
  batch=64
  d_model=128
  heads=16
  seq_len=128
  layers=4
  ffn_dim=128
=== Configuration ===
TransformerConfig(batch_size=64, seq_len=128, d_model=128, num_heads=16, ffn_dim=128, num_layers=4, causal=True)
device=cuda, dtype=torch.float16, torch=2.13.0+cu130
gpu=Tesla T4

=== Accuracy check ===
criterion: abs_error <= 0.002 OR relative_error <= 2.00%
trial 01/5: PASS | max_abs=0 | max_rel=0 | failed=0/1048576
trial 02/5: PASS | max_abs=0 | max_rel=0 | failed=0/1048576
trial 03/5: PASS | max_abs=0 | max_rel=0 | failed=0/1048576
trial 04/5: PASS | max_abs=0 | max_rel=0 | failed=0/1048576
trial 05/5: PASS | max_abs=0 | max_rel=0 | failed=0/1048576
summary: PASS | max_abs=0 | max_rel=0 | failed=0/5242880

=== Performance benchmark ===
timing excludes random-data generation and uses a fixed input
CUDA latency is measured with torch.cuda.Event on the current stream
baseline : median=15.6753 ms | mean=15.6810 ms | p90=15.7132 ms | min=15.6276 ms | throughput=522604.16 token/s
optimized: median=12.9647 ms | mean=12.9674 ms | p90=12.9884 ms | min=12.9279 ms | throughput=631870.98 token/s
speedup  : 1.209x based on median latency
