Job ID: 773866
Array task: 11
Published case: 12
Node: xgpf1
CUDA_VISIBLE_DEVICES: 0
batch=64
d_model=128
heads=4
seq_len=32
layers=4
ffn_dim=128
name, uuid, driver_version, memory.total [MiB]
Tesla T4, GPU-840b6d73-ee5d-e1c5-be65-397b3ced2e31, 580.173.02, 15360 MiB
=== Configuration ===
TransformerConfig(batch_size=64, seq_len=32, d_model=128, num_heads=4, ffn_dim=128, num_layers=4, causal=True)
device=cuda, dtype=torch.float16, torch=2.13.0+cu130
gpu=Tesla T4

=== Accuracy check ===
criterion: abs_error <= 0.002 OR relative_error <= 2.00%
trial 01/5: PASS | max_abs=0.00390625 | max_rel=7.51269 | failed=0/262144
trial 02/5: PASS | max_abs=0.00585938 | max_rel=34.7561 | failed=0/262144
trial 03/5: PASS | max_abs=0.00390625 | max_rel=3.17059 | failed=0/262144
trial 04/5: PASS | max_abs=0.00390625 | max_rel=2.33596 | failed=0/262144
trial 05/5: PASS | max_abs=0.00390625 | max_rel=4.31807 | failed=0/262144
summary: PASS | max_abs=0.00585938 | max_rel=34.7561 | failed=0/1310720

=== Performance benchmark ===
timing excludes random-data generation and uses a fixed input
CUDA latency is measured with torch.cuda.Event on the current stream
baseline : median=3.9060 ms | mean=3.9226 ms | p90=3.9295 ms | min=3.8871 ms | throughput=524321.55 token/s
optimized: median=2.7391 ms | mean=2.7436 ms | p90=2.7543 ms | min=2.7136 ms | throughput=747702.86 token/s
speedup  : 1.426x based on median latency
