Job ID: 773858
Array task: 8
Published case: 9
Node: xgpf1
CUDA_VISIBLE_DEVICES: 0
batch=64
d_model=128
heads=1
seq_len=128
layers=4
ffn_dim=128
name, uuid, driver_version, memory.total [MiB]
Tesla T4, GPU-840b6d73-ee5d-e1c5-be65-397b3ced2e31, 580.173.02, 15360 MiB
=== Configuration ===
TransformerConfig(batch_size=64, seq_len=128, d_model=128, num_heads=1, ffn_dim=128, num_layers=4, causal=True)
device=cuda, dtype=torch.float16, torch=2.13.0+cu130
gpu=Tesla T4

=== Accuracy check ===
criterion: abs_error <= 0.002 OR relative_error <= 2.00%
trial 01/5: PASS | max_abs=0.00390625 | max_rel=12.473 | failed=0/1048576
trial 02/5: PASS | max_abs=0.00390625 | max_rel=109.125 | failed=0/1048576
trial 03/5: PASS | max_abs=0.00390625 | max_rel=783 | failed=0/1048576
trial 04/5: PASS | max_abs=0.00390625 | max_rel=159.818 | failed=0/1048576
trial 05/5: PASS | max_abs=0.00585938 | max_rel=38.8649 | failed=0/1048576
summary: PASS | max_abs=0.00585938 | max_rel=783 | failed=0/5242880

=== Performance benchmark ===
timing excludes random-data generation and uses a fixed input
CUDA latency is measured with torch.cuda.Event on the current stream
baseline : median=3.5468 ms | mean=3.5518 ms | p90=3.5696 ms | min=2.5538 ms | throughput=2309666.71 token/s
optimized: median=2.4442 ms | mean=2.4594 ms | p90=2.4656 ms | min=2.4269 ms | throughput=3351553.07 token/s
speedup  : 1.451x based on median latency
