Job ID: 773848
Array task: 1
Published case: 2
Node: xgpf1
CUDA_VISIBLE_DEVICES: 0
batch=1
d_model=128
heads=4
seq_len=128
layers=4
ffn_dim=128
name, uuid, driver_version, memory.total [MiB]
Tesla T4, GPU-840b6d73-ee5d-e1c5-be65-397b3ced2e31, 580.173.02, 15360 MiB
=== Configuration ===
TransformerConfig(batch_size=1, seq_len=128, d_model=128, num_heads=4, ffn_dim=128, num_layers=4, causal=True)
device=cuda, dtype=torch.float16, torch=2.13.0+cu130
gpu=Tesla T4

=== Accuracy check ===
criterion: abs_error <= 0.002 OR relative_error <= 2.00%
trial 01/5: PASS | max_abs=0.00390625 | max_rel=12.0144 | failed=0/16384
trial 02/5: PASS | max_abs=0.00390625 | max_rel=4.58468 | failed=0/16384
trial 03/5: PASS | max_abs=0.00390625 | max_rel=2.69165 | failed=0/16384
trial 04/5: PASS | max_abs=0.00390625 | max_rel=2.8555 | failed=0/16384
trial 05/5: PASS | max_abs=0.00292969 | max_rel=5.02833 | failed=0/16384
summary: PASS | max_abs=0.00390625 | max_rel=12.0144 | failed=0/81920

=== Performance benchmark ===
timing excludes random-data generation and uses a fixed input
CUDA latency is measured with torch.cuda.Event on the current stream
baseline : median=3.9075 ms | mean=3.9625 ms | p90=4.0306 ms | min=3.8728 ms | throughput=32757.89 token/s
optimized: median=2.5415 ms | mean=2.5449 ms | p90=2.5549 ms | min=2.5249 ms | throughput=50363.88 token/s
speedup  : 1.537x based on median latency
